     1 00000000                                 ; naskfunc
     2 00000000                                 ; TAB=4
     3 00000000                                 
     4 00000000                                 [FORMAT "WCOFF"]				; オブジェクトファイルを作るモード	製作目標文件的模式
     5 00000000                                 [BITS 32]						; 32ビットモード用の機械語を作らせる 製作32位模式用的機器語言
     6 00000000                                 
     7 00000000                                 
     8 00000000                                 ; オブジェクトファイルのための情報 製作目標文件的訊息
     9 00000000                                 
    10 00000000                                 [FILE "naskfunc.nas"]			; ソースファイル名情報 源文件名訊息
    11 00000000                                 
    12 00000000                                 		GLOBAL	_io_hlt			; このプログラムに含まれる関数名 程序中包含的函數名
    13 00000000                                 
    14 00000000                                 
    15 00000000                                 ; 以下は実際の関数
    16 00000000                                 
    17                                          [SECTION .text]		; オブジェクトファイルではこれを書いてからプログラムを書く目標文件中寫了這些在寫程序
    18 00000000                                 
    19 00000000                                 _io_hlt:	; void io_hlt(void);
    20 00000000 F4                              		HLT
    21 00000001 C3                              		RET
